PREHOOK: query: CREATE TABLE test (a string, b float)
PREHOOK: type: CREATETABLE
PREHOOK: Output: database:default
PREHOOK: Output: default@test
POSTHOOK: query: CREATE TABLE test (a string, b float)
POSTHOOK: type: CREATETABLE
POSTHOOK: Output: database:default
POSTHOOK: Output: default@test
PREHOOK: query: INSERT INTO test VALUES ("a", 1)
PREHOOK: type: QUERY
PREHOOK: Input: _dummy_database@_dummy_table
PREHOOK: Output: default@test
POSTHOOK: query: INSERT INTO test VALUES ("a", 1)
POSTHOOK: type: QUERY
POSTHOOK: Input: _dummy_database@_dummy_table
POSTHOOK: Output: default@test
POSTHOOK: Lineage: test.a SCRIPT []
POSTHOOK: Lineage: test.b SCRIPT []
PREHOOK: query: INSERT INTO test VALUES ("b", 2)
PREHOOK: type: QUERY
PREHOOK: Input: _dummy_database@_dummy_table
PREHOOK: Output: default@test
POSTHOOK: query: INSERT INTO test VALUES ("b", 2)
POSTHOOK: type: QUERY
POSTHOOK: Input: _dummy_database@_dummy_table
POSTHOOK: Output: default@test
POSTHOOK: Lineage: test.a SCRIPT []
POSTHOOK: Lineage: test.b SCRIPT []
PREHOOK: query: INSERT INTO test VALUES ("c", 2)
PREHOOK: type: QUERY
PREHOOK: Input: _dummy_database@_dummy_table
PREHOOK: Output: default@test
POSTHOOK: query: INSERT INTO test VALUES ("c", 2)
POSTHOOK: type: QUERY
POSTHOOK: Input: _dummy_database@_dummy_table
POSTHOOK: Output: default@test
POSTHOOK: Lineage: test.a SCRIPT []
POSTHOOK: Lineage: test.b SCRIPT []
PREHOOK: query: INSERT INTO test VALUES ("d", 3)
PREHOOK: type: QUERY
PREHOOK: Input: _dummy_database@_dummy_table
PREHOOK: Output: default@test
POSTHOOK: query: INSERT INTO test VALUES ("d", 3)
POSTHOOK: type: QUERY
POSTHOOK: Input: _dummy_database@_dummy_table
POSTHOOK: Output: default@test
POSTHOOK: Lineage: test.a SCRIPT []
POSTHOOK: Lineage: test.b SCRIPT []
PREHOOK: query: INSERT INTO test VALUES ("e", null)
PREHOOK: type: QUERY
PREHOOK: Input: _dummy_database@_dummy_table
PREHOOK: Output: default@test
POSTHOOK: query: INSERT INTO test VALUES ("e", null)
POSTHOOK: type: QUERY
POSTHOOK: Input: _dummy_database@_dummy_table
POSTHOOK: Output: default@test
POSTHOOK: Lineage: test.a SCRIPT []
POSTHOOK: Lineage: test.b EXPRESSION []
PREHOOK: query: ANALYZE TABLE test COMPUTE STATISTICS FOR COLUMNS
PREHOOK: type: ANALYZE_TABLE
PREHOOK: Input: default@test
PREHOOK: Output: default@test
#### A masked pattern was here ####
POSTHOOK: query: ANALYZE TABLE test COMPUTE STATISTICS FOR COLUMNS
POSTHOOK: type: ANALYZE_TABLE
POSTHOOK: Input: default@test
POSTHOOK: Output: default@test
#### A masked pattern was here ####
PREHOOK: query: ANALYZE TABLE test COMPUTE STATISTICS
PREHOOK: type: QUERY
PREHOOK: Input: default@test
PREHOOK: Output: default@test
POSTHOOK: query: ANALYZE TABLE test COMPUTE STATISTICS
POSTHOOK: type: QUERY
POSTHOOK: Input: default@test
POSTHOOK: Output: default@test
PREHOOK: query: DESCRIBE EXTENDED test
PREHOOK: type: DESCTABLE
PREHOOK: Input: default@test
POSTHOOK: query: DESCRIBE EXTENDED test
POSTHOOK: type: DESCTABLE
POSTHOOK: Input: default@test
a                   	string              	                    
b                   	float               	                    
	 	 
#### A masked pattern was here ####
PREHOOK: query: DESCRIBE FORMATTED test
PREHOOK: type: DESCTABLE
PREHOOK: Input: default@test
POSTHOOK: query: DESCRIBE FORMATTED test
POSTHOOK: type: DESCTABLE
POSTHOOK: Input: default@test
# col_name            	data_type           	comment             
a                   	string              	                    
b                   	float               	                    
	 	 
# Detailed Table Information	 	 
Database:           	default             	 
#### A masked pattern was here ####
Retention:          	0                   	 
#### A masked pattern was here ####
Table Type:         	MANAGED_TABLE       	 
Table Parameters:	 	 
	COLUMN_STATS_ACCURATE	{\"BASIC_STATS\":\"true\",\"COLUMN_STATS\":{\"a\":\"true\",\"b\":\"true\"}}
	bucketing_version   	2                   
	numFiles            	5                   
	numRows             	5                   
	rawDataSize         	24                  
	totalSize           	29                  
#### A masked pattern was here ####
	 	 
# Storage Information	 	 
SerDe Library:      	org.apache.hadoop.hive.serde2.lazy.LazySimpleSerDe	 
InputFormat:        	org.apache.hadoop.mapred.TextInputFormat	 
OutputFormat:       	org.apache.hadoop.hive.ql.io.HiveIgnoreKeyTextOutputFormat	 
Compressed:         	No                  	 
Num Buckets:        	-1                  	 
Bucket Columns:     	[]                  	 
Sort Columns:       	[]                  	 
Storage Desc Params:	 	 
	serialization.format	1                   
